  Generating the build script.
  Reading the asset graph.
  Checking for updates.
  Updating the asset graph.
  Building, incremental build.
  0s isar_community_generator on 387 inputs; lib/app.dart
  0s isar_community_generator on 387 inputs: 1 skipped; lib/core/apis/abstract/dio_download_manager.dart
  0s isar_community_generator on 387 inputs: 387 skipped
  0s source_gen:combining_builder on 387 inputs; lib/app.dart
  1s source_gen:combining_builder on 387 inputs: 70 skipped; lib/data/models/module/module.dart
  2s source_gen:combining_builder on 387 inputs: 156 skipped; spent 2s┬átracking; lib/features/browse/course/ui/widgets/course_details_view/course_details_header/course_details_header.dart
  3s source_gen:combining_builder on 387 inputs: 258 skipped; spent 3s┬átracking; lib/features/share/ui/screens/import/desktop_course_folder_import_manager.dart
  4s source_gen:combining_builder on 387 inputs: 357 skipped; spent 4s┬átracking; lib/shared/helpers/widget_helper.dart
  4s source_gen:combining_builder on 387 inputs: 387 skipped; spent 4s┬átracking
  0s flutter_gen_runner on 1 input; $package$
  0s flutter_gen_runner on 1 input: 1 skipped
  Running the post build.
  Writing the asset graph.
E isar_community_generator on lib/data/models/course/course.dart:
  Constructor parameter type does not match property type
  package:slidesync/data/models/course/course.dart:39:15
     Γò╖
  39 Γöé     DateTime? createdAt,
     Γöé               ^^^^^^^^^
     Γò╡
E isar_community_generator on lib/data/models/module/module.dart:
  Constructor parameter type does not match property type
  package:slidesync/data/models/module/module.dart:40:15
     Γò╖
  40 Γöé     DateTime? createdAt,
     Γöé               ^^^^^^^^^
     Γò╡
E isar_community_generator on lib/data/models/module_content/module_content.dart:
  Constructor parameter type does not match property type
  package:slidesync/data/models/module_content/module_content.dart:52:15
     Γò╖
  52 Γöé     DateTime? createdAt,
     Γöé               ^^^^^^^^^
     Γò╡
  Failed to build with build_runner in 20s; wrote 0 outputs.
